Generated wrapper class: DatabaseServiceWrapper.cs
Generated interface: IDatabaseServiceWrapper.cs