Generated wrapper class: LogServiceWrapper.cs
Generated interface: ILogServiceWrapper.cs