Generated wrapper class: UserServiceWrapper.cs
Generated interface: IUserService.cs