Generated wrapper class: ConfigServiceWrapper.cs
Generated interface: IConfigService.cs