Generated wrapper class: BaseProcessorWrapper.cs
Generated interface: IBaseProcessorWrapper.cs