Generated wrapper class: AsyncServiceWrapper.cs
Generated interface: IAsyncServiceWrapper.cs