Generated wrapper class: RepositoryWrapper.cs
Generated interface: IRepository.cs