Generated wrapper class: NotificationServiceWrapper.cs
Generated interface: INotificationServiceWrapper.cs