Generated wrapper class: EmailServiceWrapper.cs
Generated interface: IEmailService.cs