Generated wrapper class: SqlServerDatabaseServiceWrapper.cs
Generated interface: ISqlServerDatabaseServiceWrapper.cs