Generated wrapper class: SqlServerDatabaseServiceWrapper.cs
Generated interface: ISqlServerDatabaseService.cs