Generated wrapper class: DocumentProcessorWrapper.cs
Generated interface: IDocumentProcessor.cs