Generated wrapper class: CalculatorServiceWrapper.cs
Generated interface: ICalculatorServiceWrapper.cs