Generated wrapper class: PrivateImplementationWrapper.cs
Generated interface: IPrivateImplementationWrapper.cs