Generated wrapper class: ParserServiceWrapper.cs
Generated interface: IParserServiceWrapper.cs