Generated static wrapper class: MathUtilsStaticWrapper.cs
Generated interface: IMathUtilsStaticWrapper.cs